###############################################################################
#
# IAR ELF Linker V8.30.1.114/W32 for ARM                  16/Aug/2018  20:34:55
# Copyright 2007-2018 IAR Systems AB.
#
#    Output file  =  
#        D:\IAR Systems\workspace\nokia5110\Debug\Exe\STM32F10X_Template.out
#    Map file     =  
#        D:\IAR Systems\workspace\nokia5110\Debug\List\STM32F10X_Template.map
#    Command line =  
#        -f C:\Users\93244\AppData\Local\Temp\EWADAA.tmp ("D:\IAR
#        Systems\workspace\nokia5110\Debug\Obj\main.o" "D:\IAR
#        Systems\workspace\nokia5110\Debug\Obj\misc.o" "D:\IAR
#        Systems\workspace\nokia5110\Debug\Obj\nokia5110.o" "D:\IAR
#        Systems\workspace\nokia5110\Debug\Obj\startup_stm32f10x_md.o" "D:\IAR
#        Systems\workspace\nokia5110\Debug\Obj\stm32f10x_adc.o" "D:\IAR
#        Systems\workspace\nokia5110\Debug\Obj\stm32f10x_bkp.o" "D:\IAR
#        Systems\workspace\nokia5110\Debug\Obj\stm32f10x_can.o" "D:\IAR
#        Systems\workspace\nokia5110\Debug\Obj\stm32f10x_cec.o" "D:\IAR
#        Systems\workspace\nokia5110\Debug\Obj\stm32f10x_crc.o" "D:\IAR
#        Systems\workspace\nokia5110\Debug\Obj\stm32f10x_dac.o" "D:\IAR
#        Systems\workspace\nokia5110\Debug\Obj\stm32f10x_dbgmcu.o" "D:\IAR
#        Systems\workspace\nokia5110\Debug\Obj\stm32f10x_dma.o" "D:\IAR
#        Systems\workspace\nokia5110\Debug\Obj\stm32f10x_exti.o" "D:\IAR
#        Systems\workspace\nokia5110\Debug\Obj\stm32f10x_flash.o" "D:\IAR
#        Systems\workspace\nokia5110\Debug\Obj\stm32f10x_fsmc.o" "D:\IAR
#        Systems\workspace\nokia5110\Debug\Obj\stm32f10x_gpio.o" "D:\IAR
#        Systems\workspace\nokia5110\Debug\Obj\stm32f10x_i2c.o" "D:\IAR
#        Systems\workspace\nokia5110\Debug\Obj\stm32f10x_it.o" "D:\IAR
#        Systems\workspace\nokia5110\Debug\Obj\stm32f10x_iwdg.o" "D:\IAR
#        Systems\workspace\nokia5110\Debug\Obj\stm32f10x_pwr.o" "D:\IAR
#        Systems\workspace\nokia5110\Debug\Obj\stm32f10x_rcc.o" "D:\IAR
#        Systems\workspace\nokia5110\Debug\Obj\stm32f10x_rtc.o" "D:\IAR
#        Systems\workspace\nokia5110\Debug\Obj\stm32f10x_sdio.o" "D:\IAR
#        Systems\workspace\nokia5110\Debug\Obj\stm32f10x_spi.o" "D:\IAR
#        Systems\workspace\nokia5110\Debug\Obj\stm32f10x_tim.o" "D:\IAR
#        Systems\workspace\nokia5110\Debug\Obj\stm32f10x_usart.o" "D:\IAR
#        Systems\workspace\nokia5110\Debug\Obj\stm32f10x_wwdg.o" "D:\IAR
#        Systems\workspace\nokia5110\Debug\Obj\system_stm32f10x.o" "D:\IAR
#        Systems\workspace\nokia5110\Debug\Obj\timer.o" --no_out_extension -o
#        "D:\IAR Systems\workspace\nokia5110\Debug\Exe\STM32F10X_Template.out"
#        --map "D:\IAR
#        Systems\workspace\nokia5110\Debug\List\STM32F10X_Template.map"
#        --config "D:\IAR Systems\Embedded Workbench
#        8.1\arm\config\linker\ST\stm32f103x8.icf" --semihosting --entry
#        __iar_program_start --vfe --text_out locale)
#
###############################################################################

*******************************************************************************
*** RUNTIME MODEL ATTRIBUTES
***

CppFlavor       = *
__SystemLibrary = DLib
__dlib_version  = 6


*******************************************************************************
*** HEAP SELECTION
***

The basic heap was selected because no calls to memory allocation
functions were found in the application outside of system library
functions, and there are calls to deallocation functions in the
application.


*******************************************************************************
*** PLACEMENT SUMMARY
***

"A0":  place at 0x800'0000 { ro section .intvec };
"P1":  place in [from 0x800'0000 to 0x800'ffff] { ro };
define block CSTACK with size = 2K, alignment = 8 { };
define block HEAP with size = 2K, alignment = 8 { };
"P2":  place in [from 0x2000'0000 to 0x2000'4fff] {
          rw, block CSTACK, block HEAP };

  Section          Kind         Address   Size  Object
  -------          ----         -------   ----  ------
"A0":                                     0xec
  .intvec          ro code   0x800'0000   0xec  startup_stm32f10x_md.o [1]
                           - 0x800'00ec   0xec

"P1":                                    0xa7c
  .text            ro code   0x800'00ec  0x2dc  nokia5110.o [1]
  .text            ro code   0x800'03c8   0xcc  stm32f10x_gpio.o [1]
  .text            ro code   0x800'0494   0x20  stm32f10x_rcc.o [1]
  .text            ro code   0x800'04b4   0xbc  timer.o [1]
  .text            ro code   0x800'0570   0x66  ABImemset.o [3]
  .text            ro code   0x800'05d6   0x3a  zero_init3.o [3]
  .rodata          const     0x800'0610  0x23c  nokia5110.o [1]
  .text            ro code   0x800'084c  0x118  system_stm32f10x.o [1]
  .text            ro code   0x800'0964   0x6c  main.o [1]
  .text            ro code   0x800'09d0   0x28  data_init.o [3]
  .iar.init_table  const     0x800'09f8   0x10  - Linker created -
  .text            ro code   0x800'0a08   0x1e  cmain.o [3]
  .text            ro code   0x800'0a26    0x4  low_level_init.o [2]
  .text            ro code   0x800'0a2a    0x4  exit.o [2]
  .text            ro code   0x800'0a30    0xa  cexit.o [3]
  .text            ro code   0x800'0a3c   0x14  exit.o [4]
  .rodata          const     0x800'0a50   0x1c  main.o [1]
  .text            ro code   0x800'0a6c   0x10  startup_stm32f10x_md.o [1]
  .text            ro code   0x800'0a7c   0x10  stm32f10x_it.o [1]
  .text            ro code   0x800'0a8c    0xc  cstartup_M.o [3]
  .text            ro code   0x800'0a98    0x4  startup_stm32f10x_md.o [1]
  .text            ro code   0x800'0a9c    0x4  startup_stm32f10x_md.o [1]
  .text            ro code   0x800'0aa0    0x4  startup_stm32f10x_md.o [1]
  .text            ro code   0x800'0aa4    0x4  startup_stm32f10x_md.o [1]
  .text            ro code   0x800'0aa8    0x4  startup_stm32f10x_md.o [1]
  .text            ro code   0x800'0aac    0x4  startup_stm32f10x_md.o [1]
  .text            ro code   0x800'0ab0    0x4  startup_stm32f10x_md.o [1]
  .text            ro code   0x800'0ab4    0x4  startup_stm32f10x_md.o [1]
  .text            ro code   0x800'0ab8    0x4  startup_stm32f10x_md.o [1]
  .text            ro code   0x800'0abc    0x4  startup_stm32f10x_md.o [1]
  .text            ro code   0x800'0ac0    0x4  startup_stm32f10x_md.o [1]
  .text            ro code   0x800'0ac4    0x4  startup_stm32f10x_md.o [1]
  .text            ro code   0x800'0ac8    0x4  startup_stm32f10x_md.o [1]
  .text            ro code   0x800'0acc    0x4  startup_stm32f10x_md.o [1]
  .text            ro code   0x800'0ad0    0x4  startup_stm32f10x_md.o [1]
  .text            ro code   0x800'0ad4    0x4  startup_stm32f10x_md.o [1]
  .text            ro code   0x800'0ad8    0x4  startup_stm32f10x_md.o [1]
  .text            ro code   0x800'0adc    0x4  startup_stm32f10x_md.o [1]
  .text            ro code   0x800'0ae0    0x4  startup_stm32f10x_md.o [1]
  .text            ro code   0x800'0ae4    0x4  startup_stm32f10x_md.o [1]
  .text            ro code   0x800'0ae8    0x4  startup_stm32f10x_md.o [1]
  .text            ro code   0x800'0aec    0x4  startup_stm32f10x_md.o [1]
  .text            ro code   0x800'0af0    0x4  startup_stm32f10x_md.o [1]
  .text            ro code   0x800'0af4    0x4  startup_stm32f10x_md.o [1]
  .text            ro code   0x800'0af8    0x4  startup_stm32f10x_md.o [1]
  .text            ro code   0x800'0afc    0x4  startup_stm32f10x_md.o [1]
  .text            ro code   0x800'0b00    0x4  startup_stm32f10x_md.o [1]
  .text            ro code   0x800'0b04    0x4  startup_stm32f10x_md.o [1]
  .text            ro code   0x800'0b08    0x4  startup_stm32f10x_md.o [1]
  .text            ro code   0x800'0b0c    0x4  startup_stm32f10x_md.o [1]
  .text            ro code   0x800'0b10    0x4  startup_stm32f10x_md.o [1]
  .text            ro code   0x800'0b14    0x4  startup_stm32f10x_md.o [1]
  .text            ro code   0x800'0b18    0x4  startup_stm32f10x_md.o [1]
  .text            ro code   0x800'0b1c    0x4  startup_stm32f10x_md.o [1]
  .text            ro code   0x800'0b20    0x4  startup_stm32f10x_md.o [1]
  .text            ro code   0x800'0b24    0x4  startup_stm32f10x_md.o [1]
  .text            ro code   0x800'0b28    0x4  startup_stm32f10x_md.o [1]
  .text            ro code   0x800'0b2c    0x4  startup_stm32f10x_md.o [1]
  .text            ro code   0x800'0b30    0x4  startup_stm32f10x_md.o [1]
  .text            ro code   0x800'0b34    0x4  startup_stm32f10x_md.o [1]
  .text            ro code   0x800'0b38    0x4  startup_stm32f10x_md.o [1]
  .text            ro code   0x800'0b3c    0x4  startup_stm32f10x_md.o [1]
  .text            ro code   0x800'0b40    0x4  startup_stm32f10x_md.o [1]
  .text            ro code   0x800'0b44    0x4  startup_stm32f10x_md.o [1]
  .text            ro code   0x800'0b48    0x4  startup_stm32f10x_md.o [1]
  .text            ro code   0x800'0b4c    0x4  startup_stm32f10x_md.o [1]
  .text            ro code   0x800'0b50    0x4  startup_stm32f10x_md.o [1]
  .text            ro code   0x800'0b54    0x4  startup_stm32f10x_md.o [1]
  .text            ro code   0x800'0b58    0x4  startup_stm32f10x_md.o [1]
  .text            ro code   0x800'0b5c    0x4  startup_stm32f10x_md.o [1]
  .text            ro code   0x800'0b60    0x4  startup_stm32f10x_md.o [1]
  .text            ro code   0x800'0b64    0x4  startup_stm32f10x_md.o [1]
  .rodata          const     0x800'0b68    0x0  zero_init3.o [3]
                           - 0x800'0b68  0xa7c

"P2", part 1 of 2:                       0x15c
  .bss             zero     0x2000'0000  0x150  nokia5110.o [1]
  .bss             zero     0x2000'0150    0x4  nokia5110.o [1]
  .bss             zero     0x2000'0154    0x4  timer.o [1]
  .bss             zero     0x2000'0158    0x1  nokia5110.o [1]
                          - 0x2000'0159  0x159

"P2", part 2 of 2:                       0x800
  CSTACK                    0x2000'0160  0x800  <Block>
    CSTACK         uninit   0x2000'0160  0x800  <Block tail>
                          - 0x2000'0960  0x800

Unused ranges:

         From           To    Size
         ----           --    ----
   0x800'0b68   0x800'ffff  0xf498
  0x2000'015c  0x2000'015f     0x4
  0x2000'0960  0x2000'4fff  0x46a0


*******************************************************************************
*** INIT TABLE
***

          Address      Size
          -------      ----
Zero (__iar_zero_init3)
    1 destination range, total size 0x159:
          0x2000'0000  0x159



*******************************************************************************
*** MODULE SUMMARY
***

    Module                  ro code  ro data  rw data
    ------                  -------  -------  -------
command line/config:
    -------------------------------------------------
    Total:

D:\IAR Systems\workspace\nokia5110\Debug\Obj: [1]
    main.o                      108       28
    nokia5110.o                 732      572      341
    startup_stm32f10x_md.o      460
    stm32f10x_gpio.o            204
    stm32f10x_it.o               16
    stm32f10x_rcc.o              32
    system_stm32f10x.o          280
    timer.o                     188                 4
    -------------------------------------------------
    Total:                    2 020      600      345

dl7M_tln.a: [2]
    exit.o                        4
    low_level_init.o              4
    -------------------------------------------------
    Total:                        8

rt7M_tl.a: [3]
    ABImemset.o                 102
    cexit.o                      10
    cmain.o                      30
    cstartup_M.o                 12
    data_init.o                  40
    zero_init3.o                 58
    -------------------------------------------------
    Total:                      252

shb_l.a: [4]
    exit.o                       20
    -------------------------------------------------
    Total:                       20

    Gaps                          4
    Linker created                        16    2 048
-----------------------------------------------------
    Grand Total:              2 304      616    2 393


*******************************************************************************
*** ENTRY LIST
***

Entry                       Address   Size  Type      Object
-----                       -------   ----  ----      ------
.iar.init_table$$Base    0x800'09f8          --   Gb  - Linker created -
.iar.init_table$$Limit   0x800'0a08          --   Gb  - Linker created -
?main                    0x800'0a09         Code  Gb  cmain.o [3]
BusFault_Handler         0x800'0a83    0x2  Code  Gb  stm32f10x_it.o [1]
CSTACK$$Base            0x2000'0160          --   Gb  - Linker created -
CSTACK$$Limit           0x2000'0960          --   Gb  - Linker created -
DebugMon_Handler         0x800'0a89    0x2  Code  Gb  stm32f10x_it.o [1]
Font_Code                0x800'0610  0x23c  Data  Gb  nokia5110.o [1]
GPIO_Init                0x800'03c9   0xc0  Code  Gb  stm32f10x_gpio.o [1]
GPIO_ResetBits           0x800'048f    0x6  Code  Gb  stm32f10x_gpio.o [1]
GPIO_SetBits             0x800'0489    0x6  Code  Gb  stm32f10x_gpio.o [1]
HardFault_Handler        0x800'0a7f    0x2  Code  Gb  stm32f10x_it.o [1]
LCD_Clear_All            0x800'01d3   0x30  Code  Gb  nokia5110.o [1]
LCD_Init                 0x800'0203   0x54  Code  Gb  nokia5110.o [1]
LCD_Set_XY               0x800'0179   0x26  Code  Gb  nokia5110.o [1]
LCD_Write_Byte           0x800'00ed   0x66  Code  Gb  nokia5110.o [1]
LCD_Write_Char           0x800'019f   0x34  Code  Gb  nokia5110.o [1]
MemManage_Handler        0x800'0a81    0x2  Code  Gb  stm32f10x_it.o [1]
NMI_Handler              0x800'0a7d    0x2  Code  Gb  stm32f10x_it.o [1]
PendSV_Handler           0x800'0a8b    0x2  Code  Gb  stm32f10x_it.o [1]
RCC_APB2PeriphClockCmd   0x800'0495   0x1c  Code  Gb  stm32f10x_rcc.o [1]
Region$$Table$$Base      0x800'09f8          --   Gb  - Linker created -
Region$$Table$$Limit     0x800'0a08          --   Gb  - Linker created -
SVC_Handler              0x800'0a87    0x2  Code  Gb  stm32f10x_it.o [1]
SetSysClock              0x800'0891    0x8  Code  Lc  system_stm32f10x.o [1]
SetSysClockTo72          0x800'0899   0xae  Code  Lc  system_stm32f10x.o [1]
SysTick_Config           0x800'04d9   0x2e  Code  Lc  timer.o [1]
SysTick_Handler          0x800'0525    0x8  Code  Gb  timer.o [1]
SystemInit               0x800'084d   0x44  Code  Gb  system_stm32f10x.o [1]
TimerDelay_Decrement     0x800'0515   0x10  Code  Gb  timer.o [1]
TimingDelay             0x2000'0154    0x4  Data  Gb  timer.o [1]
UsageFault_Handler       0x800'0a85    0x2  Code  Gb  stm32f10x_it.o [1]
__NVIC_SetPriority       0x800'04b5   0x24  Code  Lc  timer.o [1]
__aeabi_memset           0x800'0571         Code  Gb  ABImemset.o [3]
__cmain                  0x800'0a09         Code  Gb  cmain.o [3]
__exit                   0x800'0a3d   0x14  Code  Gb  exit.o [4]
__iar_Memset             0x800'0571         Code  Gb  ABImemset.o [3]
__iar_Memset_word        0x800'0579         Code  Gb  ABImemset.o [3]
__iar_data_init3         0x800'09d1   0x28  Code  Gb  data_init.o [3]
__iar_program_start      0x800'0a8d         Code  Gb  cstartup_M.o [3]
__iar_zero_init3         0x800'05d7   0x3a  Code  Gb  zero_init3.o [3]
__low_level_init         0x800'0a27    0x4  Code  Gb  low_level_init.o [2]
__vector_table           0x800'0000         Data  Gb  startup_stm32f10x_md.o [1]
_call_main               0x800'0a15         Code  Gb  cmain.o [3]
_exit                    0x800'0a31         Code  Gb  cexit.o [3]
_main                    0x800'0a23         Code  Gb  cmain.o [3]
delay_ms                 0x800'053f   0x18  Code  Gb  timer.o [1]
delay_us                 0x800'052d   0x12  Code  Gb  timer.o [1]
exit                     0x800'0a2b    0x4  Code  Gb  exit.o [2]
main                     0x800'0965   0x6c  Code  Gb  main.o [1]
printf                   0x800'0257  0x15a  Code  Gb  nokia5110.o [1]
printf::DISPBUFF        0x2000'0000  0x150  Data  Lc  nokia5110.o [1]
printf::Num             0x2000'0150    0x4  Data  Lc  nokia5110.o [1]
printf::X_Set           0x2000'0158    0x1  Data  Lc  nokia5110.o [1]
spi_Init                 0x800'0153   0x26  Code  Gb  nokia5110.o [1]
systick_init             0x800'0507    0xe  Code  Gb  timer.o [1]


[1] = D:\IAR Systems\workspace\nokia5110\Debug\Obj
[2] = dl7M_tln.a
[3] = rt7M_tl.a
[4] = shb_l.a

  2 304 bytes of readonly  code memory
    616 bytes of readonly  data memory
  2 393 bytes of readwrite data memory

Errors: none
Warnings: none
